\set ECHO none
NOTICE:  CREATE EXTENSION pg_xenophile WITH VERSION '0.5.0' CASCADE
NOTICE:  installing required extension "hstore"
NOTICE:  ALTER EXTENSION pg_xenophile UPDATE TO '0.8.0'
NOTICE:  CALL xeno.test__l10n_table()
NOTICE:  DROP EXTENSION pg_xenophile CASCADE
NOTICE:  CREATE EXTENSION pg_xenophile WITH VERSION '0.7.1' CASCADE
NOTICE:  ALTER EXTENSION pg_xenophile UPDATE TO '0.8.0'
NOTICE:  CALL xeno.test__l10n_table()
NOTICE:  DROP EXTENSION pg_xenophile CASCADE
NOTICE:  CREATE EXTENSION pg_xenophile WITH VERSION '0.7.2' CASCADE
NOTICE:  ALTER EXTENSION pg_xenophile UPDATE TO '0.8.0'
NOTICE:  CALL xeno.test__l10n_table()
NOTICE:  DROP EXTENSION pg_xenophile CASCADE
NOTICE:  CREATE EXTENSION pg_xenophile WITH VERSION '0.7.3' CASCADE
NOTICE:  ALTER EXTENSION pg_xenophile UPDATE TO '0.8.0'
NOTICE:  CALL xeno.test__l10n_table()
NOTICE:  DROP EXTENSION pg_xenophile CASCADE
NOTICE:  CREATE EXTENSION pg_xenophile WITH VERSION '0.7.4' CASCADE
NOTICE:  ALTER EXTENSION pg_xenophile UPDATE TO '0.8.0'
NOTICE:  CALL xeno.test__l10n_table()
NOTICE:  DROP EXTENSION pg_xenophile CASCADE
NOTICE:  CREATE EXTENSION pg_xenophile WITH VERSION '0.7.5' CASCADE
NOTICE:  ALTER EXTENSION pg_xenophile UPDATE TO '0.8.0'
NOTICE:  CALL xeno.test__l10n_table()
NOTICE:  DROP EXTENSION pg_xenophile CASCADE
NOTICE:  CREATE EXTENSION pg_xenophile WITH VERSION '0.8.0' CASCADE
NOTICE:  CALL xeno.test__l10n_table()
NOTICE:  DROP EXTENSION pg_xenophile CASCADE
